Component: ARM Compiler 5.06 update 6 (build 750) Tool: armlink [4d35ed]

==============================================================================

Section Cross References

    main.o(.text) refers to adc_fake.o(i.Start_DMA1) for Start_DMA1
    main.o(.text) refers to adc_fake.o(i.Wait_On_End_Of_DMA1) for Wait_On_End_Of_DMA1
    main.o(.text) refers to td_sub.o(moncode) for module
    main.o(.text) refers to clock.o(i.CLOCK_Configure) for CLOCK_Configure
    main.o(.text) refers to gpio.o(i.GPIO_Configure) for GPIO_Configure
    main.o(.text) refers to adc_fake.o(i.Init_TimingADC_ActiveADC_ff) for Init_TimingADC_ActiveADC_ff
    main.o(.text) refers to adc_fake.o(i.Single_Channel_ADC) for Single_Channel_ADC
    main.o(.text) refers to adc_fake.o(i.Init_Conversion_On_Trig_Timer_ff) for Init_Conversion_On_Trig_Timer_ff
    main.o(.text) refers to adc_fake.o(i.Init_ADC1_DMA1) for Init_ADC1_DMA1
    main.o(.text) refers to timer_systick.o(i.Systick_Period_ff) for Systick_Period_ff
    main.o(.text) refers to timer_systick.o(i.Systick_Prio_IT) for Systick_Prio_IT
    main.o(.text) refers to main.o(.bss) for dma_buf
    main.o(.text) refers to main.o(.data) for M2TIR
    td_sub.o(moncode) refers to trigo.o(Trigo) for TabCos
    startup-rvds.o(RESET) refers to startup-rvds.o(STACK) for __initial_sp
    startup-rvds.o(RESET) refers to startup-rvds.o(.text) for Reset_Handler
    startup-rvds.o(RESET) refers to timer_systick.o(i.SysTick_Handler) for SysTick_Handler
    startup-rvds.o(RESET) refers to timer_1234.o(i.TIM1_UP_IRQHandler) for TIM1_UP_IRQHandler
    startup-rvds.o(RESET) refers to timer_1234.o(i.TIM1_CC_IRQHandler) for TIM1_CC_IRQHandler
    startup-rvds.o(RESET) refers to timer_1234.o(i.TIM2_IRQHandler) for TIM2_IRQHandler
    startup-rvds.o(RESET) refers to timer_1234.o(i.TIM3_IRQHandler) for TIM3_IRQHandler
    startup-rvds.o(RESET) refers to timer_1234.o(i.TIM4_IRQHandler) for TIM4_IRQHandler
    startup-rvds.o(.text) refers to entry.o(.ARM.Collect$$$$00000000) for __main
    clock.o(i.CLOCK_Configure) refers to clock.o(i.CLOCK_HPRECompute) for CLOCK_HPRECompute
    timer_systick.o(i.SysTick_Handler) refers to timer_systick.o(.data) for .data
    timer_systick.o(i.Systick_Period) refers to clock.o(i.CLOCK_GetHCLK) for CLOCK_GetHCLK
    timer_systick.o(i.Systick_Period) refers to ffltui.o(.text) for __aeabi_ui2f
    timer_systick.o(i.Systick_Period) refers to fmul.o(.text) for __aeabi_fmul
    timer_systick.o(i.Systick_Period) refers to f2d.o(.text) for __aeabi_f2d
    timer_systick.o(i.Systick_Period) refers to ddiv.o(.text) for __aeabi_ddiv
    timer_systick.o(i.Systick_Period) refers to d2f.o(.text) for __aeabi_d2f
    timer_systick.o(i.Systick_Period) refers to ffixui.o(.text) for __aeabi_f2uiz
    timer_systick.o(i.Systick_Period) refers to fdiv.o(.text) for __aeabi_fdiv
    timer_systick.o(i.Systick_Period) refers to dmul.o(.text) for __aeabi_dmul
    timer_systick.o(i.Systick_Prio_IT) refers to timer_systick.o(.data) for .data
    adc_fake.o(i.Init_ADC1_DMA1) refers to adc_fake.o(.bss) for .bss
    adc_fake.o(i.Init_Conversion_On_Trig_Timer_ff) refers to clock.o(i.CLOCK_GetHCLK) for CLOCK_GetHCLK
    adc_fake.o(i.Init_Conversion_On_Trig_Timer_ff) refers to timer_1234.o(i.Timer_1234_Init_ff) for Timer_1234_Init_ff
    adc_fake.o(i.Init_Conversion_On_Trig_Timer_ff) refers to timer_1234.o(i.Active_IT_Debordement_Timer) for Active_IT_Debordement_Timer
    adc_fake.o(i.Init_Conversion_On_Trig_Timer_ff) refers to adc_fake.o(.bss) for .bss
    adc_fake.o(i.Init_Conversion_On_Trig_Timer_ff) refers to adc_fake.o(i.fake_timer_callback) for fake_timer_callback
    adc_fake.o(i.Init_TimingADC_ActiveADC_ff) refers to clock.o(i.CLOCK_GetADCCLK) for CLOCK_GetADCCLK
    adc_fake.o(i.Init_TimingADC_ActiveADC_ff) refers to clock.o(i.CLOCK_GetHCLK) for CLOCK_GetHCLK
    adc_fake.o(i.Init_TimingADC_ActiveADC_ff) refers to adc_fake.o(.bss) for .bss
    adc_fake.o(i.Start_DMA1) refers to adc_fake.o(.bss) for .bss
    adc_fake.o(i.Wait_On_End_Of_DMA1) refers to adc_fake.o(.bss) for .bss
    adc_fake.o(i.Wait_On_End_Of_DMA1) refers to libcos.o(FakeTab) for LibCos
    adc_fake.o(i.fake_timer_callback) refers to adc_fake.o(.bss) for .bss
    timer_1234.o(i.Active_IT_Compare_Timer) refers to timer_1234.o(.data) for .data
    timer_1234.o(i.Active_IT_Debordement_Timer) refers to timer_1234.o(.data) for .data
    timer_1234.o(i.Capture_Init) refers to clock.o(i.CLOCK_GetTIMCLK) for CLOCK_GetTIMCLK
    timer_1234.o(i.Capture_Init) refers to dfltui.o(.text) for __aeabi_ui2d
    timer_1234.o(i.Capture_Init) refers to f2d.o(.text) for __aeabi_f2d
    timer_1234.o(i.Capture_Init) refers to dmul.o(.text) for __aeabi_dmul
    timer_1234.o(i.Capture_Init) refers to ddiv.o(.text) for __aeabi_ddiv
    timer_1234.o(i.Capture_Init) refers to d2f.o(.text) for __aeabi_d2f
    timer_1234.o(i.Capture_Init) refers to ffltui.o(.text) for __aeabi_ui2f
    timer_1234.o(i.Capture_Init) refers to fmul.o(.text) for __aeabi_fmul
    timer_1234.o(i.Capture_Init) refers to ffixui.o(.text) for __aeabi_f2uiz
    timer_1234.o(i.Capture_Init) refers to ffixi.o(.text) for __aeabi_f2iz
    timer_1234.o(i.Lire_Duree_Pulse) refers to timer_1234.o(.data) for .data
    timer_1234.o(i.PWM_Init) refers to f2d.o(.text) for __aeabi_f2d
    timer_1234.o(i.PWM_Init) refers to ddiv.o(.text) for __aeabi_ddiv
    timer_1234.o(i.PWM_Init) refers to d2f.o(.text) for __aeabi_d2f
    timer_1234.o(i.PWM_Init) refers to timer_1234.o(i.Timer_1234_Init) for Timer_1234_Init
    timer_1234.o(i.PWM_Init_ff) refers to timer_1234.o(i.Timer_1234_Init_ff) for Timer_1234_Init_ff
    timer_1234.o(i.TIM1_CC_IRQHandler) refers to timer_1234.o(.data) for .data
    timer_1234.o(i.TIM1_UP_IRQHandler) refers to timer_1234.o(.data) for .data
    timer_1234.o(i.TIM2_IRQHandler) refers to timer_1234.o(.data) for .data
    timer_1234.o(i.TIM3_IRQHandler) refers to timer_1234.o(.data) for .data
    timer_1234.o(i.TIM4_IRQHandler) refers to timer_1234.o(.data) for .data
    timer_1234.o(i.Timer_1234_Init) refers to clock.o(i.CLOCK_GetTIMCLK) for CLOCK_GetTIMCLK
    timer_1234.o(i.Timer_1234_Init) refers to ffltui.o(.text) for __aeabi_ui2f
    timer_1234.o(i.Timer_1234_Init) refers to fmul.o(.text) for __aeabi_fmul
    timer_1234.o(i.Timer_1234_Init) refers to f2d.o(.text) for __aeabi_f2d
    timer_1234.o(i.Timer_1234_Init) refers to ddiv.o(.text) for __aeabi_ddiv
    timer_1234.o(i.Timer_1234_Init) refers to d2f.o(.text) for __aeabi_d2f
    timer_1234.o(i.Timer_1234_Init) refers to fscalb.o(.text) for __ARM_scalbnf
    timer_1234.o(i.Timer_1234_Init) refers to ffixui.o(.text) for __aeabi_f2uiz
    timer_1234.o(i.Timer_1234_Init) refers to fdiv.o(.text) for __aeabi_fdiv
    timer_1234.o(i.Timer_1234_Init) refers to dfltui.o(.text) for __aeabi_ui2d
    timer_1234.o(i.Timer_1234_Init) refers to dadd.o(.text) for __aeabi_dadd
    timer_1234.o(i.Timer_1234_Init) refers to dmul.o(.text) for __aeabi_dmul
    timer_1234.o(i.Timer_1234_Init_ff) refers to clock.o(i.CLOCK_GetHCLK) for CLOCK_GetHCLK
    timer_1234.o(i.Timer_1234_Init_ff) refers to clock.o(i.CLOCK_GetTIMCLK) for CLOCK_GetTIMCLK
    entry.o(.ARM.Collect$$$$00000000) refers (Special) to entry10a.o(.ARM.Collect$$$$0000000D) for __rt_final_cpp
    entry.o(.ARM.Collect$$$$00000000) refers (Special) to entry11a.o(.ARM.Collect$$$$0000000F) for __rt_final_exit
    entry.o(.ARM.Collect$$$$00000000) refers (Special) to entry7b.o(.ARM.Collect$$$$00000008) for _main_clock
    entry.o(.ARM.Collect$$$$00000000) refers (Special) to entry8b.o(.ARM.Collect$$$$0000000A) for _main_cpp_init
    entry.o(.ARM.Collect$$$$00000000) refers (Special) to entry9a.o(.ARM.Collect$$$$0000000B) for _main_init
    entry.o(.ARM.Collect$$$$00000000) refers (Special) to entry5.o(.ARM.Collect$$$$00000004) for _main_scatterload
    entry.o(.ARM.Collect$$$$00000000) refers (Special) to entry2.o(.ARM.Collect$$$$00000001) for _main_stk
    fmul.o(.text) refers (Special) to iusefp.o(.text) for __I$use$fp
    fdiv.o(.text) refers (Special) to iusefp.o(.text) for __I$use$fp
    fdiv.o(.text) refers to fepilogue.o(.text) for _float_round
    fscalb.o(.text) refers (Special) to iusefp.o(.text) for __I$use$fp
    dadd.o(.text) refers (Special) to iusefp.o(.text) for __I$use$fp
    dadd.o(.text) refers to llshl.o(.text) for __aeabi_llsl
    dadd.o(.text) refers to llsshr.o(.text) for __aeabi_lasr
    dadd.o(.text) refers to depilogue.o(.text) for _double_epilogue
    dmul.o(.text) refers (Special) to iusefp.o(.text) for __I$use$fp
    dmul.o(.text) refers to depilogue.o(.text) for _double_epilogue
    ddiv.o(.text) refers (Special) to iusefp.o(.text) for __I$use$fp
    ddiv.o(.text) refers to depilogue.o(.text) for _double_round
    ffltui.o(.text) refers (Special) to iusefp.o(.text) for __I$use$fp
    ffltui.o(.text) refers to fepilogue.o(.text) for _float_epilogue
    dfltui.o(.text) refers (Special) to iusefp.o(.text) for __I$use$fp
    dfltui.o(.text) refers to depilogue.o(.text) for _double_epilogue
    ffixi.o(.text) refers (Special) to iusefp.o(.text) for __I$use$fp
    ffixui.o(.text) refers (Special) to iusefp.o(.text) for __I$use$fp
    f2d.o(.text) refers (Special) to iusefp.o(.text) for __I$use$fp
    d2f.o(.text) refers (Special) to iusefp.o(.text) for __I$use$fp
    d2f.o(.text) refers to fepilogue.o(.text) for _float_round
    entry2.o(.ARM.Collect$$$$00000001) refers to entry2.o(.ARM.Collect$$$$00002712) for __lit__00000000
    entry2.o(.ARM.Collect$$$$00002712) refers to startup-rvds.o(STACK) for __initial_sp
    entry2.o(__vectab_stack_and_reset_area) refers to startup-rvds.o(STACK) for __initial_sp
    entry2.o(__vectab_stack_and_reset_area) refers to entry.o(.ARM.Collect$$$$00000000) for __main
    entry5.o(.ARM.Collect$$$$00000004) refers to init.o(.text) for __scatterload
    entry9a.o(.ARM.Collect$$$$0000000B) refers to main.o(.text) for main
    entry9b.o(.ARM.Collect$$$$0000000C) refers to main.o(.text) for main
    depilogue.o(.text) refers to llshl.o(.text) for __aeabi_llsl
    depilogue.o(.text) refers to llushr.o(.text) for __aeabi_llsr
    init.o(.text) refers to entry5.o(.ARM.Collect$$$$00000004) for __main_after_scatterload


==============================================================================

Removing Unused input sections from the image.

    Removing main.o(.rev16_text), (4 bytes).
    Removing main.o(.revsh_text), (4 bytes).
    Removing main.o(.rrx_text), (6 bytes).
    Removing startup-rvds.o(HEAP), (512 bytes).
    Removing clock.o(.rev16_text), (4 bytes).
    Removing clock.o(.revsh_text), (4 bytes).
    Removing clock.o(.rrx_text), (6 bytes).
    Removing clock.o(i.CLOCK_GetPCLK1), (8 bytes).
    Removing clock.o(i.CLOCK_GetPCLK2), (8 bytes).
    Removing gpio.o(.rev16_text), (4 bytes).
    Removing gpio.o(.revsh_text), (4 bytes).
    Removing gpio.o(.rrx_text), (6 bytes).
    Removing timer_systick.o(.rev16_text), (4 bytes).
    Removing timer_systick.o(.revsh_text), (4 bytes).
    Removing timer_systick.o(.rrx_text), (6 bytes).
    Removing timer_systick.o(i.Systick_Period), (196 bytes).
    Removing adc_fake.o(.rev16_text), (4 bytes).
    Removing adc_fake.o(.revsh_text), (4 bytes).
    Removing adc_fake.o(.rrx_text), (6 bytes).
    Removing timer_1234.o(.rev16_text), (4 bytes).
    Removing timer_1234.o(.revsh_text), (4 bytes).
    Removing timer_1234.o(.rrx_text), (6 bytes).
    Removing timer_1234.o(i.Active_IT_Compare_Timer), (492 bytes).
    Removing timer_1234.o(i.Capture_Init), (484 bytes).
    Removing timer_1234.o(i.Lire_Duree_Pulse), (96 bytes).
    Removing timer_1234.o(i.PWM_Complementaire_Timer1), (60 bytes).
    Removing timer_1234.o(i.PWM_Init), (200 bytes).
    Removing timer_1234.o(i.PWM_Init_ff), (172 bytes).
    Removing timer_1234.o(i.Timer_1234_Init), (268 bytes).
    Removing timer_1234.o(i.Timer_Inc_Init), (180 bytes).
    Removing fmul.o(.text), (100 bytes).
    Removing fdiv.o(.text), (124 bytes).
    Removing fscalb.o(.text), (24 bytes).
    Removing dadd.o(.text), (334 bytes).
    Removing dmul.o(.text), (228 bytes).
    Removing ddiv.o(.text), (222 bytes).
    Removing ffltui.o(.text), (10 bytes).
    Removing dfltui.o(.text), (26 bytes).
    Removing ffixi.o(.text), (50 bytes).
    Removing ffixui.o(.text), (40 bytes).
    Removing f2d.o(.text), (38 bytes).
    Removing d2f.o(.text), (56 bytes).
    Removing fepilogue.o(.text), (110 bytes).
    Removing depilogue.o(.text), (186 bytes).

44 unused section(s) (total 4308 bytes) removed from the image.

==============================================================================

Image Symbol Table

    Local Symbols

    Symbol Name                              Value     Ov Type        Size  Object(Section)

    ../clib/microlib/init/entry.s            0x00000000   Number         0  entry10a.o ABSOLUTE
    ../clib/microlib/init/entry.s            0x00000000   Number         0  entry10b.o ABSOLUTE
    ../clib/microlib/init/entry.s            0x00000000   Number         0  entry11a.o ABSOLUTE
    ../clib/microlib/init/entry.s            0x00000000   Number         0  entry11b.o ABSOLUTE
    ../clib/microlib/init/entry.s            0x00000000   Number         0  entry2.o ABSOLUTE
    ../clib/microlib/init/entry.s            0x00000000   Number         0  entry5.o ABSOLUTE
    ../clib/microlib/init/entry.s            0x00000000   Number         0  entry7a.o ABSOLUTE
    ../clib/microlib/init/entry.s            0x00000000   Number         0  entry.o ABSOLUTE
    ../clib/microlib/init/entry.s            0x00000000   Number         0  entry7b.o ABSOLUTE
    ../clib/microlib/init/entry.s            0x00000000   Number         0  entry8a.o ABSOLUTE
    ../clib/microlib/init/entry.s            0x00000000   Number         0  entry8b.o ABSOLUTE
    ../clib/microlib/init/entry.s            0x00000000   Number         0  entry9a.o ABSOLUTE
    ../clib/microlib/init/entry.s            0x00000000   Number         0  entry9b.o ABSOLUTE
    ../clib/microlib/longlong.c              0x00000000   Number         0  llushr.o ABSOLUTE
    ../clib/microlib/longlong.c              0x00000000   Number         0  llsshr.o ABSOLUTE
    ../clib/microlib/longlong.c              0x00000000   Number         0  llshl.o ABSOLUTE
    ../clib/microlib/stubs.s                 0x00000000   Number         0  iusefp.o ABSOLUTE
    ../fplib/microlib/d2f.c                  0x00000000   Number         0  d2f.o ABSOLUTE
    ../fplib/microlib/f2d.c                  0x00000000   Number         0  f2d.o ABSOLUTE
    ../fplib/microlib/fpadd.c                0x00000000   Number         0  dadd.o ABSOLUTE
    ../fplib/microlib/fpdiv.c                0x00000000   Number         0  fdiv.o ABSOLUTE
    ../fplib/microlib/fpdiv.c                0x00000000   Number         0  ddiv.o ABSOLUTE
    ../fplib/microlib/fpepilogue.c           0x00000000   Number         0  fepilogue.o ABSOLUTE
    ../fplib/microlib/fpepilogue.c           0x00000000   Number         0  depilogue.o ABSOLUTE
    ../fplib/microlib/fpfix.c                0x00000000   Number         0  ffixi.o ABSOLUTE
    ../fplib/microlib/fpfix.c                0x00000000   Number         0  ffixui.o ABSOLUTE
    ../fplib/microlib/fpflt.c                0x00000000   Number         0  dfltui.o ABSOLUTE
    ../fplib/microlib/fpflt.c                0x00000000   Number         0  ffltui.o ABSOLUTE
    ../fplib/microlib/fpmul.c                0x00000000   Number         0  fmul.o ABSOLUTE
    ../fplib/microlib/fpmul.c                0x00000000   Number         0  dmul.o ABSOLUTE
    ../fplib/microlib/fpscalb.c              0x00000000   Number         0  fscalb.o ABSOLUTE
    Lib\ADC_FAKE.c                           0x00000000   Number         0  adc_fake.o ABSOLUTE
    Lib\GPIO.c                               0x00000000   Number         0  gpio.o ABSOLUTE
    Lib\Timer_1234.c                         0x00000000   Number         0  timer_1234.o ABSOLUTE
    Lib\Timer_Systick.c                      0x00000000   Number         0  timer_systick.o ABSOLUTE
    Lib\\ADC_FAKE.c                          0x00000000   Number         0  adc_fake.o ABSOLUTE
    Lib\\GPIO.c                              0x00000000   Number         0  gpio.o ABSOLUTE
    Lib\\Timer_1234.c                        0x00000000   Number         0  timer_1234.o ABSOLUTE
    Lib\\Timer_Systick.c                     0x00000000   Number         0  timer_systick.o ABSOLUTE
    Lib\\clock.c                             0x00000000   Number         0  clock.o ABSOLUTE
    Lib\clock.c                              0x00000000   Number         0  clock.o ABSOLUTE
    Lib\libcos.asm                           0x00000000   Number         0  libcos.o ABSOLUTE
    Matlab\Trigo.asm                         0x00000000   Number         0  trigo.o ABSOLUTE
    Sys\startup-rvds.s                       0x00000000   Number         0  startup-rvds.o ABSOLUTE
    dc.s                                     0x00000000   Number         0  dc.o ABSOLUTE
    handlers.s                               0x00000000   Number         0  handlers.o ABSOLUTE
    init.s                                   0x00000000   Number         0  init.o ABSOLUTE
    main.c                                   0x00000000   Number         0  main.o ABSOLUTE
    main.c                                   0x00000000   Number         0  main.o ABSOLUTE
    td_sub.s                                 0x00000000   Number         0  td_sub.o ABSOLUTE
    RESET                                    0x08000000   Section      236  startup-rvds.o(RESET)
    .ARM.Collect$$$$00000000                 0x080000ec   Section        0  entry.o(.ARM.Collect$$$$00000000)
    .ARM.Collect$$$$00000001                 0x080000ec   Section        4  entry2.o(.ARM.Collect$$$$00000001)
    .ARM.Collect$$$$00000004                 0x080000f0   Section        4  entry5.o(.ARM.Collect$$$$00000004)
    .ARM.Collect$$$$00000008                 0x080000f4   Section        0  entry7b.o(.ARM.Collect$$$$00000008)
    .ARM.Collect$$$$0000000A                 0x080000f4   Section        0  entry8b.o(.ARM.Collect$$$$0000000A)
    .ARM.Collect$$$$0000000B                 0x080000f4   Section        8  entry9a.o(.ARM.Collect$$$$0000000B)
    .ARM.Collect$$$$0000000D                 0x080000fc   Section        0  entry10a.o(.ARM.Collect$$$$0000000D)
    .ARM.Collect$$$$0000000F                 0x080000fc   Section        0  entry11a.o(.ARM.Collect$$$$0000000F)
    .ARM.Collect$$$$00002712                 0x080000fc   Section        4  entry2.o(.ARM.Collect$$$$00002712)
    __lit__00000000                          0x080000fc   Data           4  entry2.o(.ARM.Collect$$$$00002712)
    .text                                    0x08000100   Section        0  main.o(.text)
    .text                                    0x08000200   Section       76  startup-rvds.o(.text)
    .text                                    0x0800024c   Section       36  init.o(.text)
    i.Active_IT_Debordement_Timer            0x08000270   Section        0  timer_1234.o(i.Active_IT_Debordement_Timer)
    i.CLOCK_Configure                        0x08000354   Section        0  clock.o(i.CLOCK_Configure)
    i.CLOCK_GetADCCLK                        0x080003c8   Section        0  clock.o(i.CLOCK_GetADCCLK)
    i.CLOCK_GetHCLK                          0x080003d0   Section        0  clock.o(i.CLOCK_GetHCLK)
    i.CLOCK_GetTIMCLK                        0x080003d8   Section        0  clock.o(i.CLOCK_GetTIMCLK)
    i.CLOCK_HPRECompute                      0x080003fc   Section        0  clock.o(i.CLOCK_HPRECompute)
    CLOCK_HPRECompute                        0x080003fd   Thumb Code   116  clock.o(i.CLOCK_HPRECompute)
    i.GPIO_Configure                         0x08000470   Section        0  gpio.o(i.GPIO_Configure)
    i.Init_ADC1_DMA1                         0x08000578   Section        0  adc_fake.o(i.Init_ADC1_DMA1)
    i.Init_Conversion_On_Trig_Timer_ff       0x080005a4   Section        0  adc_fake.o(i.Init_Conversion_On_Trig_Timer_ff)
    i.Init_TimingADC_ActiveADC_ff            0x0800061c   Section        0  adc_fake.o(i.Init_TimingADC_ActiveADC_ff)
    i.Single_Channel_ADC                     0x08000708   Section        0  adc_fake.o(i.Single_Channel_ADC)
    i.Start_DMA1                             0x0800070c   Section        0  adc_fake.o(i.Start_DMA1)
    i.SysTick_Handler                        0x08000754   Section        0  timer_systick.o(i.SysTick_Handler)
    i.Systick_Period_ff                      0x08000760   Section        0  timer_systick.o(i.Systick_Period_ff)
    i.Systick_Prio_IT                        0x08000784   Section        0  timer_systick.o(i.Systick_Prio_IT)
    i.TIM1_CC_IRQHandler                     0x08000798   Section        0  timer_1234.o(i.TIM1_CC_IRQHandler)
    i.TIM1_UP_IRQHandler                     0x080008a4   Section        0  timer_1234.o(i.TIM1_UP_IRQHandler)
    i.TIM2_IRQHandler                        0x080008bc   Section        0  timer_1234.o(i.TIM2_IRQHandler)
    i.TIM3_IRQHandler                        0x080009cc   Section        0  timer_1234.o(i.TIM3_IRQHandler)
    i.TIM4_IRQHandler                        0x08000af8   Section        0  timer_1234.o(i.TIM4_IRQHandler)
    i.Timer_1234_Init_ff                     0x08000c24   Section        0  timer_1234.o(i.Timer_1234_Init_ff)
    i.Wait_On_End_Of_DMA1                    0x08000ca0   Section        0  adc_fake.o(i.Wait_On_End_Of_DMA1)
    i.__scatterload_copy                     0x08000dec   Section       14  handlers.o(i.__scatterload_copy)
    i.__scatterload_null                     0x08000dfa   Section        2  handlers.o(i.__scatterload_null)
    i.__scatterload_zeroinit                 0x08000dfc   Section       14  handlers.o(i.__scatterload_zeroinit)
    i.fake_timer_callback                    0x08000e0c   Section        0  adc_fake.o(i.fake_timer_callback)
    moncode                                  0x08000e28   Section      100  td_sub.o(moncode)
    calculk                                  0x08000e43   Thumb Code    64  td_sub.o(moncode)
    FakeTab                                  0x08000e8c   Section      256  libcos.o(FakeTab)
    Trigo                                    0x08000fac   Section      256  trigo.o(Trigo)
    .data                                    0x20000000   Section        4  main.o(.data)
    .data                                    0x20000004   Section        4  timer_systick.o(.data)
    Ptr_Systick                              0x20000004   Data           4  timer_systick.o(.data)
    .data                                    0x20000008   Section      160  timer_1234.o(.data)
    Ptr_TIM1                                 0x20000018   Data           4  timer_1234.o(.data)
    Ptr_TIM2                                 0x2000001c   Data           4  timer_1234.o(.data)
    Ptr_TIM3                                 0x20000020   Data           4  timer_1234.o(.data)
    Ptr_TIM4                                 0x20000024   Data           4  timer_1234.o(.data)
    Ptr_TIM1_Voie1                           0x20000028   Data           4  timer_1234.o(.data)
    Ptr_TIM1_Voie2                           0x2000002c   Data           4  timer_1234.o(.data)
    Ptr_TIM1_Voie3                           0x20000030   Data           4  timer_1234.o(.data)
    Ptr_TIM1_Voie4                           0x20000034   Data           4  timer_1234.o(.data)
    Ptr_TIM2_Voie1                           0x20000038   Data           4  timer_1234.o(.data)
    Ptr_TIM2_Voie2                           0x2000003c   Data           4  timer_1234.o(.data)
    Ptr_TIM2_Voie3                           0x20000040   Data           4  timer_1234.o(.data)
    Ptr_TIM2_Voie4                           0x20000044   Data           4  timer_1234.o(.data)
    Ptr_TIM3_Voie1                           0x20000048   Data           4  timer_1234.o(.data)
    Ptr_TIM3_Voie2                           0x2000004c   Data           4  timer_1234.o(.data)
    Ptr_TIM3_Voie3                           0x20000050   Data           4  timer_1234.o(.data)
    Ptr_TIM3_Voie4                           0x20000054   Data           4  timer_1234.o(.data)
    Ptr_TIM4_Voie1                           0x20000058   Data           4  timer_1234.o(.data)
    Ptr_TIM4_Voie2                           0x2000005c   Data           4  timer_1234.o(.data)
    Ptr_TIM4_Voie3                           0x20000060   Data           4  timer_1234.o(.data)
    Ptr_TIM4_Voie4                           0x20000064   Data           4  timer_1234.o(.data)
    Duree_Pulse_T1                           0x20000068   Data           8  timer_1234.o(.data)
    Duree_Pulse_T2                           0x20000070   Data           8  timer_1234.o(.data)
    Duree_Pulse_T3                           0x20000078   Data           8  timer_1234.o(.data)
    Duree_Pulse_T4                           0x20000080   Data           8  timer_1234.o(.data)
    Date_T1                                  0x20000088   Data           8  timer_1234.o(.data)
    Date_T2                                  0x20000090   Data           8  timer_1234.o(.data)
    Date_T3                                  0x20000098   Data           8  timer_1234.o(.data)
    Date_T4                                  0x200000a0   Data           8  timer_1234.o(.data)
    .bss                                     0x200000a8   Section      152  main.o(.bss)
    .bss                                     0x20000140   Section       84  adc_fake.o(.bss)
    F                                        0x20000140   Data          84  adc_fake.o(.bss)
    STACK                                    0x20000198   Section     1024  startup-rvds.o(STACK)

    Global Symbols

    Symbol Name                              Value     Ov Type        Size  Object(Section)

    BuildAttributes$$THM_ISAv4$P$D$K$B$S$PE$A:L22UL41UL21$X:L11$S22US41US21$IEEE1$IW$USESV6$~STKCKD$USESV7$~SHL$OTIME$ROPI$EBA8$MICROLIB$REQ8$EABIv2 0x00000000   Number         0  anon$$obj.o ABSOLUTE
    __ARM_use_no_argv                        0x00000000   Number         0  main.o ABSOLUTE
    __cpp_initialize__aeabi_                  - Undefined Weak Reference
    __cxa_finalize                            - Undefined Weak Reference
    __decompress                              - Undefined Weak Reference
    _clock_init                               - Undefined Weak Reference
    _microlib_exit                            - Undefined Weak Reference
    __Vectors_Size                           0x000000ec   Number         0  startup-rvds.o ABSOLUTE
    __Vectors                                0x08000000   Data           4  startup-rvds.o(RESET)
    __Vectors_End                            0x080000ec   Data           0  startup-rvds.o(RESET)
    __main                                   0x080000ed   Thumb Code     0  entry.o(.ARM.Collect$$$$00000000)
    _main_stk                                0x080000ed   Thumb Code     0  entry2.o(.ARM.Collect$$$$00000001)
    _main_scatterload                        0x080000f1   Thumb Code     0  entry5.o(.ARM.Collect$$$$00000004)
    __main_after_scatterload                 0x080000f5   Thumb Code     0  entry5.o(.ARM.Collect$$$$00000004)
    _main_clock                              0x080000f5   Thumb Code     0  entry7b.o(.ARM.Collect$$$$00000008)
    _main_cpp_init                           0x080000f5   Thumb Code     0  entry8b.o(.ARM.Collect$$$$0000000A)
    _main_init                               0x080000f5   Thumb Code     0  entry9a.o(.ARM.Collect$$$$0000000B)
    __rt_final_cpp                           0x080000fd   Thumb Code     0  entry10a.o(.ARM.Collect$$$$0000000D)
    __rt_final_exit                          0x080000fd   Thumb Code     0  entry11a.o(.ARM.Collect$$$$0000000F)
    sys_callback                             0x08000101   Thumb Code   100  main.o(.text)
    main                                     0x08000165   Thumb Code   124  main.o(.text)
    Reset_Handler                            0x08000201   Thumb Code    34  startup-rvds.o(.text)
    SystemInit                               0x08000223   Thumb Code     2  startup-rvds.o(.text)
    NMI_Handler                              0x08000225   Thumb Code     2  startup-rvds.o(.text)
    HardFault_Handler                        0x08000227   Thumb Code     2  startup-rvds.o(.text)
    MemManage_Handler                        0x08000229   Thumb Code     2  startup-rvds.o(.text)
    BusFault_Handler                         0x0800022b   Thumb Code     2  startup-rvds.o(.text)
    UsageFault_Handler                       0x0800022d   Thumb Code     2  startup-rvds.o(.text)
    SVC_Handler                              0x0800022f   Thumb Code     2  startup-rvds.o(.text)
    DebugMon_Handler                         0x08000231   Thumb Code     2  startup-rvds.o(.text)
    PendSV_Handler                           0x08000233   Thumb Code     2  startup-rvds.o(.text)
    ADC1_2_IRQHandler                        0x08000237   Thumb Code     0  startup-rvds.o(.text)
    CAN1_RX1_IRQHandler                      0x08000237   Thumb Code     0  startup-rvds.o(.text)
    CAN1_SCE_IRQHandler                      0x08000237   Thumb Code     0  startup-rvds.o(.text)
    DMA1_Channel1_IRQHandler                 0x08000237   Thumb Code     0  startup-rvds.o(.text)
    DMA1_Channel2_IRQHandler                 0x08000237   Thumb Code     0  startup-rvds.o(.text)
    DMA1_Channel3_IRQHandler                 0x08000237   Thumb Code     0  startup-rvds.o(.text)
    DMA1_Channel4_IRQHandler                 0x08000237   Thumb Code     0  startup-rvds.o(.text)
    DMA1_Channel5_IRQHandler                 0x08000237   Thumb Code     0  startup-rvds.o(.text)
    DMA1_Channel6_IRQHandler                 0x08000237   Thumb Code     0  startup-rvds.o(.text)
    DMA1_Channel7_IRQHandler                 0x08000237   Thumb Code     0  startup-rvds.o(.text)
    EXTI0_IRQHandler                         0x08000237   Thumb Code     0  startup-rvds.o(.text)
    EXTI15_10_IRQHandler                     0x08000237   Thumb Code     0  startup-rvds.o(.text)
    EXTI1_IRQHandler                         0x08000237   Thumb Code     0  startup-rvds.o(.text)
    EXTI2_IRQHandler                         0x08000237   Thumb Code     0  startup-rvds.o(.text)
    EXTI3_IRQHandler                         0x08000237   Thumb Code     0  startup-rvds.o(.text)
    EXTI4_IRQHandler                         0x08000237   Thumb Code     0  startup-rvds.o(.text)
    EXTI9_5_IRQHandler                       0x08000237   Thumb Code     0  startup-rvds.o(.text)
    FLASH_IRQHandler                         0x08000237   Thumb Code     0  startup-rvds.o(.text)
    I2C1_ER_IRQHandler                       0x08000237   Thumb Code     0  startup-rvds.o(.text)
    I2C1_EV_IRQHandler                       0x08000237   Thumb Code     0  startup-rvds.o(.text)
    I2C2_ER_IRQHandler                       0x08000237   Thumb Code     0  startup-rvds.o(.text)
    I2C2_EV_IRQHandler                       0x08000237   Thumb Code     0  startup-rvds.o(.text)
    PVD_IRQHandler                           0x08000237   Thumb Code     0  startup-rvds.o(.text)
    RCC_IRQHandler                           0x08000237   Thumb Code     0  startup-rvds.o(.text)
    RTCAlarm_IRQHandler                      0x08000237   Thumb Code     0  startup-rvds.o(.text)
    RTC_IRQHandler                           0x08000237   Thumb Code     0  startup-rvds.o(.text)
    SPI1_IRQHandler                          0x08000237   Thumb Code     0  startup-rvds.o(.text)
    SPI2_IRQHandler                          0x08000237   Thumb Code     0  startup-rvds.o(.text)
    TAMPER_IRQHandler                        0x08000237   Thumb Code     0  startup-rvds.o(.text)
    TIM1_BRK_IRQHandler                      0x08000237   Thumb Code     0  startup-rvds.o(.text)
    TIM1_TRG_COM_IRQHandler                  0x08000237   Thumb Code     0  startup-rvds.o(.text)
    USART1_IRQHandler                        0x08000237   Thumb Code     0  startup-rvds.o(.text)
    USART2_IRQHandler                        0x08000237   Thumb Code     0  startup-rvds.o(.text)
    USART3_IRQHandler                        0x08000237   Thumb Code     0  startup-rvds.o(.text)
    USBWakeUp_IRQHandler                     0x08000237   Thumb Code     0  startup-rvds.o(.text)
    USB_HP_CAN1_TX_IRQHandler                0x08000237   Thumb Code     0  startup-rvds.o(.text)
    USB_LP_CAN1_RX0_IRQHandler               0x08000237   Thumb Code     0  startup-rvds.o(.text)
    WWDG_IRQHandler                          0x08000237   Thumb Code     0  startup-rvds.o(.text)
    __scatterload                            0x0800024d   Thumb Code    28  init.o(.text)
    __scatterload_rt2                        0x0800024d   Thumb Code     0  init.o(.text)
    Active_IT_Debordement_Timer              0x08000271   Thumb Code   204  timer_1234.o(i.Active_IT_Debordement_Timer)
    CLOCK_Configure                          0x08000355   Thumb Code   104  clock.o(i.CLOCK_Configure)
    CLOCK_GetADCCLK                          0x080003c9   Thumb Code     4  clock.o(i.CLOCK_GetADCCLK)
    CLOCK_GetHCLK                            0x080003d1   Thumb Code     4  clock.o(i.CLOCK_GetHCLK)
    CLOCK_GetTIMCLK                          0x080003d9   Thumb Code    22  clock.o(i.CLOCK_GetTIMCLK)
    GPIO_Configure                           0x08000471   Thumb Code   240  gpio.o(i.GPIO_Configure)
    Init_ADC1_DMA1                           0x08000579   Thumb Code    38  adc_fake.o(i.Init_ADC1_DMA1)
    Init_Conversion_On_Trig_Timer_ff         0x080005a5   Thumb Code   104  adc_fake.o(i.Init_Conversion_On_Trig_Timer_ff)
    Init_TimingADC_ActiveADC_ff              0x0800061d   Thumb Code   230  adc_fake.o(i.Init_TimingADC_ActiveADC_ff)
    Single_Channel_ADC                       0x08000709   Thumb Code     2  adc_fake.o(i.Single_Channel_ADC)
    Start_DMA1                               0x0800070d   Thumb Code    66  adc_fake.o(i.Start_DMA1)
    SysTick_Handler                          0x08000755   Thumb Code     6  timer_systick.o(i.SysTick_Handler)
    Systick_Period_ff                        0x08000761   Thumb Code    34  timer_systick.o(i.Systick_Period_ff)
    Systick_Prio_IT                          0x08000785   Thumb Code    12  timer_systick.o(i.Systick_Prio_IT)
    TIM1_CC_IRQHandler                       0x08000799   Thumb Code   240  timer_1234.o(i.TIM1_CC_IRQHandler)
    TIM1_UP_IRQHandler                       0x080008a5   Thumb Code    16  timer_1234.o(i.TIM1_UP_IRQHandler)
    TIM2_IRQHandler                          0x080008bd   Thumb Code   266  timer_1234.o(i.TIM2_IRQHandler)
    TIM3_IRQHandler                          0x080009cd   Thumb Code   272  timer_1234.o(i.TIM3_IRQHandler)
    TIM4_IRQHandler                          0x08000af9   Thumb Code   272  timer_1234.o(i.TIM4_IRQHandler)
    Timer_1234_Init_ff                       0x08000c25   Thumb Code   106  timer_1234.o(i.Timer_1234_Init_ff)
    Wait_On_End_Of_DMA1                      0x08000ca1   Thumb Code   320  adc_fake.o(i.Wait_On_End_Of_DMA1)
    __scatterload_copy                       0x08000ded   Thumb Code    14  handlers.o(i.__scatterload_copy)
    __scatterload_null                       0x08000dfb   Thumb Code     2  handlers.o(i.__scatterload_null)
    __scatterload_zeroinit                   0x08000dfd   Thumb Code    14  handlers.o(i.__scatterload_zeroinit)
    fake_timer_callback                      0x08000e0d   Thumb Code    22  adc_fake.o(i.fake_timer_callback)
    module                                   0x08000e29   Thumb Code    26  td_sub.o(moncode)
    LibCos                                   0x08000e8c   Data           0  libcos.o(FakeTab)
    LibNoise                                 0x08000f0c   Data           0  libcos.o(FakeTab)
    Region$$Table$$Base                      0x08000f8c   Number         0  anon$$obj.o(Region$$Table)
    Region$$Table$$Limit                     0x08000fac   Number         0  anon$$obj.o(Region$$Table)
    TabCos                                   0x08000fac   Data           0  trigo.o(Trigo)
    TabSin                                   0x0800102c   Data           0  trigo.o(Trigo)
    M2TIR                                    0x20000000   Data           4  main.o(.data)
    Enable_Fct_IT_Compare_Match_TIM1_Voie1   0x20000008   Data           1  timer_1234.o(.data)
    Enable_Fct_IT_Compare_Match_TIM1_Voie2   0x20000009   Data           1  timer_1234.o(.data)
    Enable_Fct_IT_Compare_Match_TIM1_Voie3   0x2000000a   Data           1  timer_1234.o(.data)
    Enable_Fct_IT_Compare_Match_TIM1_Voie4   0x2000000b   Data           1  timer_1234.o(.data)
    Enable_Fct_IT_Compare_Match_TIM2_Voie1   0x2000000c   Data           1  timer_1234.o(.data)
    Enable_Fct_IT_Compare_Match_TIM2_Voie2   0x2000000d   Data           1  timer_1234.o(.data)
    Enable_Fct_IT_Compare_Match_TIM2_Voie3   0x2000000e   Data           1  timer_1234.o(.data)
    Enable_Fct_IT_Compare_Match_TIM2_Voie4   0x2000000f   Data           1  timer_1234.o(.data)
    Enable_Fct_IT_Compare_Match_TIM3_Voie1   0x20000010   Data           1  timer_1234.o(.data)
    Enable_Fct_IT_Compare_Match_TIM3_Voie2   0x20000011   Data           1  timer_1234.o(.data)
    Enable_Fct_IT_Compare_Match_TIM3_Voie3   0x20000012   Data           1  timer_1234.o(.data)
    Enable_Fct_IT_Compare_Match_TIM3_Voie4   0x20000013   Data           1  timer_1234.o(.data)
    Enable_Fct_IT_Compare_Match_TIM4_Voie1   0x20000014   Data           1  timer_1234.o(.data)
    Enable_Fct_IT_Compare_Match_TIM4_Voie2   0x20000015   Data           1  timer_1234.o(.data)
    Enable_Fct_IT_Compare_Match_TIM4_Voie3   0x20000016   Data           1  timer_1234.o(.data)
    Enable_Fct_IT_Compare_Match_TIM4_Voie4   0x20000017   Data           1  timer_1234.o(.data)
    dma_buf                                  0x200000a8   Data         128  main.o(.bss)
    compteurOccurence                        0x20000128   Data          24  main.o(.bss)
    __initial_sp                             0x20000598   Data           0  startup-rvds.o(STACK)



==============================================================================

Memory Map of the image

  Image Entry point : 0x08000201

  Load Region LR_1 (Base: 0x08000000, Size: 0x00001154, Max: 0xffffffff, ABSOLUTE)

    Execution Region ER_RO (Exec base: 0x08000000, Load base: 0x08000000, Size: 0x000010ac, Max: 0xffffffff, ABSOLUTE)

    Exec Addr    Load Addr    Size         Type   Attr      Idx    E Section Name        Object

    0x08000000   0x08000000   0x000000ec   Data   RO           68    RESET               startup-rvds.o
    0x080000ec   0x080000ec   0x00000000   Code   RO          175  * .ARM.Collect$$$$00000000  mc_w.l(entry.o)
    0x080000ec   0x080000ec   0x00000004   Code   RO          202    .ARM.Collect$$$$00000001  mc_w.l(entry2.o)
    0x080000f0   0x080000f0   0x00000004   Code   RO          205    .ARM.Collect$$$$00000004  mc_w.l(entry5.o)
    0x080000f4   0x080000f4   0x00000000   Code   RO          207    .ARM.Collect$$$$00000008  mc_w.l(entry7b.o)
    0x080000f4   0x080000f4   0x00000000   Code   RO          209    .ARM.Collect$$$$0000000A  mc_w.l(entry8b.o)
    0x080000f4   0x080000f4   0x00000008   Code   RO          210    .ARM.Collect$$$$0000000B  mc_w.l(entry9a.o)
    0x080000fc   0x080000fc   0x00000000   Code   RO          212    .ARM.Collect$$$$0000000D  mc_w.l(entry10a.o)
    0x080000fc   0x080000fc   0x00000000   Code   RO          214    .ARM.Collect$$$$0000000F  mc_w.l(entry11a.o)
    0x080000fc   0x080000fc   0x00000004   Code   RO          203    .ARM.Collect$$$$00002712  mc_w.l(entry2.o)
    0x08000100   0x08000100   0x00000100   Code   RO            4    .text               main.o
    0x08000200   0x08000200   0x0000004c   Code   RO           69  * .text               startup-rvds.o
    0x0800024c   0x0800024c   0x00000024   Code   RO          225    .text               mc_w.l(init.o)
    0x08000270   0x08000270   0x000000e4   Code   RO          141    i.Active_IT_Debordement_Timer  gfssp72.lib(timer_1234.o)
    0x08000354   0x08000354   0x00000074   Code   RO           76    i.CLOCK_Configure   gfssp72.lib(clock.o)
    0x080003c8   0x080003c8   0x00000008   Code   RO           77    i.CLOCK_GetADCCLK   gfssp72.lib(clock.o)
    0x080003d0   0x080003d0   0x00000008   Code   RO           78    i.CLOCK_GetHCLK     gfssp72.lib(clock.o)
    0x080003d8   0x080003d8   0x00000024   Code   RO           81    i.CLOCK_GetTIMCLK   gfssp72.lib(clock.o)
    0x080003fc   0x080003fc   0x00000074   Code   RO           82    i.CLOCK_HPRECompute  gfssp72.lib(clock.o)
    0x08000470   0x08000470   0x00000108   Code   RO           96    i.GPIO_Configure    gfssp72.lib(gpio.o)
    0x08000578   0x08000578   0x0000002c   Code   RO          119    i.Init_ADC1_DMA1    gfssp72.lib(adc_fake.o)
    0x080005a4   0x080005a4   0x00000078   Code   RO          120    i.Init_Conversion_On_Trig_Timer_ff  gfssp72.lib(adc_fake.o)
    0x0800061c   0x0800061c   0x000000ec   Code   RO          121    i.Init_TimingADC_ActiveADC_ff  gfssp72.lib(adc_fake.o)
    0x08000708   0x08000708   0x00000002   Code   RO          122    i.Single_Channel_ADC  gfssp72.lib(adc_fake.o)
    0x0800070a   0x0800070a   0x00000002   PAD
    0x0800070c   0x0800070c   0x00000048   Code   RO          123    i.Start_DMA1        gfssp72.lib(adc_fake.o)
    0x08000754   0x08000754   0x0000000c   Code   RO          104    i.SysTick_Handler   gfssp72.lib(timer_systick.o)
    0x08000760   0x08000760   0x00000022   Code   RO          106    i.Systick_Period_ff  gfssp72.lib(timer_systick.o)
    0x08000782   0x08000782   0x00000002   PAD
    0x08000784   0x08000784   0x00000014   Code   RO          107    i.Systick_Prio_IT   gfssp72.lib(timer_systick.o)
    0x08000798   0x08000798   0x0000010c   Code   RO          147    i.TIM1_CC_IRQHandler  gfssp72.lib(timer_1234.o)
    0x080008a4   0x080008a4   0x00000018   Code   RO          148    i.TIM1_UP_IRQHandler  gfssp72.lib(timer_1234.o)
    0x080008bc   0x080008bc   0x00000110   Code   RO          149    i.TIM2_IRQHandler   gfssp72.lib(timer_1234.o)
    0x080009cc   0x080009cc   0x0000012c   Code   RO          150    i.TIM3_IRQHandler   gfssp72.lib(timer_1234.o)
    0x08000af8   0x08000af8   0x0000012c   Code   RO          151    i.TIM4_IRQHandler   gfssp72.lib(timer_1234.o)
    0x08000c24   0x08000c24   0x0000007c   Code   RO          153    i.Timer_1234_Init_ff  gfssp72.lib(timer_1234.o)
    0x08000ca0   0x08000ca0   0x0000014c   Code   RO          124    i.Wait_On_End_Of_DMA1  gfssp72.lib(adc_fake.o)
    0x08000dec   0x08000dec   0x0000000e   Code   RO          231    i.__scatterload_copy  mc_w.l(handlers.o)
    0x08000dfa   0x08000dfa   0x00000002   Code   RO          232    i.__scatterload_null  mc_w.l(handlers.o)
    0x08000dfc   0x08000dfc   0x0000000e   Code   RO          233    i.__scatterload_zeroinit  mc_w.l(handlers.o)
    0x08000e0a   0x08000e0a   0x00000002   PAD
    0x08000e0c   0x08000e0c   0x0000001c   Code   RO          125    i.fake_timer_callback  gfssp72.lib(adc_fake.o)
    0x08000e28   0x08000e28   0x00000064   Code   RO           61    moncode             td_sub.o
    0x08000e8c   0x08000e8c   0x00000100   Data   RO          174    FakeTab             gfssp72.lib(libcos.o)
    0x08000f8c   0x08000f8c   0x00000020   Data   RO          229    Region$$Table       anon$$obj.o
    0x08000fac   0x08000fac   0x00000100   Data   RO           65    Trigo               trigo.o


    Execution Region ER_RW (Exec base: 0x20000000, Load base: 0x080010ac, Size: 0x000000a8, Max: 0xffffffff, ABSOLUTE)

    Exec Addr    Load Addr    Size         Type   Attr      Idx    E Section Name        Object

    0x20000000   0x080010ac   0x00000004   Data   RW            6    .data               main.o
    0x20000004   0x080010b0   0x00000004   Data   RW          108    .data               gfssp72.lib(timer_systick.o)
    0x20000008   0x080010b4   0x000000a0   Data   RW          155    .data               gfssp72.lib(timer_1234.o)


    Execution Region ER_ZI (Exec base: 0x200000a8, Load base: 0x08001154, Size: 0x000004f0, Max: 0xffffffff, ABSOLUTE)

    Exec Addr    Load Addr    Size         Type   Attr      Idx    E Section Name        Object

    0x200000a8        -       0x00000098   Zero   RW            5    .bss                main.o
    0x20000140        -       0x00000054   Zero   RW          126    .bss                gfssp72.lib(adc_fake.o)
    0x20000194   0x08001154   0x00000004   PAD
    0x20000198        -       0x00000400   Zero   RW           66    STACK               startup-rvds.o


==============================================================================

Image component sizes


      Code (inc. data)   RO Data    RW Data    ZI Data      Debug   Object Name

       256         32          0          4        152       2738   main.o
        76         20        236          0       1024        816   startup-rvds.o
       100         10          0          0          0        372   td_sub.o
         0          0        256          0          0          0   trigo.o

    ----------------------------------------------------------------------
       432         62        524          4       1176       3926   Object Totals
         0          0         32          0          0          0   (incl. Generated)
         0          0          0          0          0          0   (incl. Padding)

    ----------------------------------------------------------------------

      Code (inc. data)   RO Data    RW Data    ZI Data      Debug   Library Member Name

       834         58          0          0         84        528   adc_fake.o
       284         34          0          0          0        352   clock.o
       264         24          0          0          0         84   gpio.o
         0          0        256          0          0          0   libcos.o
      1516        140          0        160          0        588   timer_1234.o
        66         14          0          4          0        204   timer_systick.o
         0          0          0          0          0          0   entry.o
         0          0          0          0          0          0   entry10a.o
         0          0          0          0          0          0   entry11a.o
         8          4          0          0          0          0   entry2.o
         4          0          0          0          0          0   entry5.o
         0          0          0          0          0          0   entry7b.o
         0          0          0          0          0          0   entry8b.o
         8          4          0          0          0          0   entry9a.o
        30          0          0          0          0          0   handlers.o
        36          8          0          0          0         68   init.o

    ----------------------------------------------------------------------
      3056        286        256        164         88       1824   Library Totals
         6          0          0          0          4          0   (incl. Padding)

    ----------------------------------------------------------------------

      Code (inc. data)   RO Data    RW Data    ZI Data      Debug   Library Name

      2964        270        256        164         84       1756   gfssp72.lib
        86         16          0          0          0         68   mc_w.l

    ----------------------------------------------------------------------
      3056        286        256        164         88       1824   Library Totals

    ----------------------------------------------------------------------

==============================================================================


      Code (inc. data)   RO Data    RW Data    ZI Data      Debug   

      3488        348        780        168       1264       4810   Grand Totals
      3488        348        780        168       1264       4810   ELF Image Totals
      3488        348        780        168          0          0   ROM Totals

==============================================================================

    Total RO  Size (Code + RO Data)                 4268 (   4.17kB)
    Total RW  Size (RW Data + ZI Data)              1432 (   1.40kB)
    Total ROM Size (Code + RO Data + RW Data)       4436 (   4.33kB)

==============================================================================

