


ARM Macro Assembler    Page 1 


    1 00000000         ; ce programme est pour l'assembleur RealView (Keil)
    2 00000000                 thumb
    3 00000000                 area             moncode, code, readonly
    4 00000000                 export           calculk     ;
    5 00000000                 export           module
    6 00000000                 import           TabCos
    7 00000000                 import           TabSin
    8 00000000         
    9 00000000         
   10 00000000         module  proc
   11 00000000 B500            push             {lr}
   12 00000002 B4F3            push             {r0,r1,r4-r7}
   13 00000004         ;r0 : tabSig    r1: k
   14 00000004         
   15 00000004         ;appel de calculk avec cos
   16 00000004         
   17 00000004 4A16            ldr              r2,=TabCos
   18 00000006         
   19 00000006 F7FF FFFE       BL               calculk
   20 0000000A 4603            mov              r3,r0
   21 0000000C BC03            pop              {r0,r1}
   22 0000000E B408            push             {r3}
   23 00000010 4A14            ldr              r2,=TabSin
   24 00000012         
   25 00000012 F7FF FFFE       BL               calculk
   26 00000016         
   27 00000016 4602            mov              r2,r0
   28 00000018         
   29 00000018 BC08            pop              {r3}
   30 0000001A         
   31 0000001A FB83 5403       smull            r5,r4,r3,r3
   32 0000001E FB82 7602       smull            r7,r6,r2,r2
   33 00000022 4434            add              r4,r6
   34 00000024 4620            mov              r0,r4
   35 00000026 BCF0            pop              {r4-r7}
   36 00000028 F85D EB04       pop              {LR}
   37 0000002C 4770            BX               LR
   38 0000002E                 endp
   39 0000002E         
   40 0000002E         
   41 0000002E         calculk proc
   42 0000002E         
   43 0000002E         ; r0 = tabSig    r1 : k   r2 : tabCos ou TaSig
   44 0000002E B4F0            push             {r4-r7}
   45 00000030 F04F 0C00       mov              r12, #0x00  ; i=0
   46 00000034 E7FF            b                loop
   47 00000036         
   48 00000036         loop
   49 00000036         ;calcul ik
   50 00000036 FB01 F70C       mul              r7,r1,r12
   51 0000003A F007 073F       AND              r7, #0x03F  ;modulo 64
   52 0000003E         
   53 0000003E F932 4017       ldrsh            r4,[r2,r7, lsl #0x01] 
                                                            ;cos(ik) ou sin(ik)
                                                            
   54 00000042 F930 501C       ldrsh            r5,[r0,r12, lsl #0x01] ;x(i)
   55 00000046         
   56 00000046 FB04 F405       mul              r4,r4,r5    ;cos(ik)x(i) ou sin
                                                            (ik)x(i)



ARM Macro Assembler    Page 2 


   57 0000004A         
   58 0000004A 4426            add              r6,r4
   59 0000004C         
   60 0000004C F10C 0C01       add              r12,#0x01
   61 00000050         
   62 00000050 F1BC 0F40       cmp              r12,#64
   63 00000054 D1EF            bne              loop
   64 00000056         
   65 00000056         ; on quitte la boucle
   66 00000056         
   67 00000056 4630            mov              r0,r6
   68 00000058 E7FF            b                fin
   69 0000005A         fin
   70 0000005A BCF0            pop              {r4-r7}
   71 0000005C 4770            BX               LR
   72 0000005E         
   73 0000005E                 endp
   74 0000005E                 end
              00 00 00000000 
              00000000 
Command Line: --debug --xref --diag_suppress=9931 --cpu=Cortex-M3 --apcs=interw
ork --depend=.\td_sub.d -o.\td_sub.o -I.\RTE\_Target_1 -ID:\Pierre-rog\AppData\
Local\Arm\Packs\ARM\CMSIS\5.6.0\CMSIS\Core\Include -ID:\Pierre-rog\AppData\Loca
l\Arm\Packs\Keil\STM32F1xx_DFP\2.3.0\Device\Include --predefine="__EVAL SETA 1"
 --predefine="__MICROLIB SETA 1" --predefine="__UVISION_VERSION SETA 529" --pre
define="_RTE_ SETA 1" --predefine="STM32F10X_MD SETA 1" --list=.\td_sub.lst td_
sub.s



ARM Macro Assembler    Page 1 Alphabetic symbol ordering
Relocatable symbols

calculk 0000002E

Symbol: calculk
   Definitions
      At line 41 in file td_sub.s
   Uses
      At line 4 in file td_sub.s
      At line 19 in file td_sub.s
      At line 25 in file td_sub.s

fin 0000005A

Symbol: fin
   Definitions
      At line 69 in file td_sub.s
   Uses
      At line 68 in file td_sub.s
Comment: fin used once
loop 00000036

Symbol: loop
   Definitions
      At line 48 in file td_sub.s
   Uses
      At line 46 in file td_sub.s
      At line 63 in file td_sub.s

module 00000000

Symbol: module
   Definitions
      At line 10 in file td_sub.s
   Uses
      At line 5 in file td_sub.s
Comment: module used once
moncode 00000000

Symbol: moncode
   Definitions
      At line 3 in file td_sub.s
   Uses
      None
Comment: moncode unused
5 symbols



ARM Macro Assembler    Page 1 Alphabetic symbol ordering
External symbols

TabCos 00000000

Symbol: TabCos
   Definitions
      At line 6 in file td_sub.s
   Uses
      At line 17 in file td_sub.s
Comment: TabCos used once
TabSin 00000000

Symbol: TabSin
   Definitions
      At line 7 in file td_sub.s
   Uses
      At line 23 in file td_sub.s
Comment: TabSin used once
2 symbols
344 symbols in table
