Component: ARM Compiler 5.06 update 6 (build 750) Tool: armlink [4d35ed]

==============================================================================

Section Cross References

    main.o(.text) refers to td_sub.o(moncode) for calculReelk
    main.o(.text) refers to main.o(.data) for k
    main.o(.text) refers to trigo.o(Trigo) for TabCos
    main.o(.text) refers to signal.o(Signal) for TabSig
    main.o(.text) refers to main.o(.bss) for tab
    startup-rvds.o(RESET) refers to startup-rvds.o(STACK) for __initial_sp
    startup-rvds.o(RESET) refers to startup-rvds.o(.text) for Reset_Handler
    startup-rvds.o(.text) refers to entry.o(.ARM.Collect$$$$00000000) for __main
    entry.o(.ARM.Collect$$$$00000000) refers (Special) to entry10a.o(.ARM.Collect$$$$0000000D) for __rt_final_cpp
    entry.o(.ARM.Collect$$$$00000000) refers (Special) to entry11a.o(.ARM.Collect$$$$0000000F) for __rt_final_exit
    entry.o(.ARM.Collect$$$$00000000) refers (Special) to entry7b.o(.ARM.Collect$$$$00000008) for _main_clock
    entry.o(.ARM.Collect$$$$00000000) refers (Special) to entry8b.o(.ARM.Collect$$$$0000000A) for _main_cpp_init
    entry.o(.ARM.Collect$$$$00000000) refers (Special) to entry9a.o(.ARM.Collect$$$$0000000B) for _main_init
    entry.o(.ARM.Collect$$$$00000000) refers (Special) to entry5.o(.ARM.Collect$$$$00000004) for _main_scatterload
    entry.o(.ARM.Collect$$$$00000000) refers (Special) to entry2.o(.ARM.Collect$$$$00000001) for _main_stk
    entry2.o(.ARM.Collect$$$$00000001) refers to entry2.o(.ARM.Collect$$$$00002712) for __lit__00000000
    entry2.o(.ARM.Collect$$$$00002712) refers to startup-rvds.o(STACK) for __initial_sp
    entry2.o(__vectab_stack_and_reset_area) refers to startup-rvds.o(STACK) for __initial_sp
    entry2.o(__vectab_stack_and_reset_area) refers to entry.o(.ARM.Collect$$$$00000000) for __main
    entry5.o(.ARM.Collect$$$$00000004) refers to init.o(.text) for __scatterload
    entry9a.o(.ARM.Collect$$$$0000000B) refers to main.o(.text) for main
    entry9b.o(.ARM.Collect$$$$0000000C) refers to main.o(.text) for main
    init.o(.text) refers to entry5.o(.ARM.Collect$$$$00000004) for __main_after_scatterload


==============================================================================

Removing Unused input sections from the image.

    Removing startup-rvds.o(HEAP), (512 bytes).

1 unused section(s) (total 512 bytes) removed from the image.

==============================================================================

Image Symbol Table

    Local Symbols

    Symbol Name                              Value     Ov Type        Size  Object(Section)

    ../clib/microlib/init/entry.s            0x00000000   Number         0  entry7b.o ABSOLUTE
    ../clib/microlib/init/entry.s            0x00000000   Number         0  entry7a.o ABSOLUTE
    ../clib/microlib/init/entry.s            0x00000000   Number         0  entry5.o ABSOLUTE
    ../clib/microlib/init/entry.s            0x00000000   Number         0  entry8b.o ABSOLUTE
    ../clib/microlib/init/entry.s            0x00000000   Number         0  entry11b.o ABSOLUTE
    ../clib/microlib/init/entry.s            0x00000000   Number         0  entry11a.o ABSOLUTE
    ../clib/microlib/init/entry.s            0x00000000   Number         0  entry10b.o ABSOLUTE
    ../clib/microlib/init/entry.s            0x00000000   Number         0  entry10a.o ABSOLUTE
    ../clib/microlib/init/entry.s            0x00000000   Number         0  entry9b.o ABSOLUTE
    ../clib/microlib/init/entry.s            0x00000000   Number         0  entry.o ABSOLUTE
    ../clib/microlib/init/entry.s            0x00000000   Number         0  entry9a.o ABSOLUTE
    ../clib/microlib/init/entry.s            0x00000000   Number         0  entry2.o ABSOLUTE
    ../clib/microlib/init/entry.s            0x00000000   Number         0  entry8a.o ABSOLUTE
    Matlab\Signal.asm                        0x00000000   Number         0  signal.o ABSOLUTE
    Matlab\Trigo.asm                         0x00000000   Number         0  trigo.o ABSOLUTE
    Sys\startup-rvds.s                       0x00000000   Number         0  startup-rvds.o ABSOLUTE
    dc.s                                     0x00000000   Number         0  dc.o ABSOLUTE
    handlers.s                               0x00000000   Number         0  handlers.o ABSOLUTE
    init.s                                   0x00000000   Number         0  init.o ABSOLUTE
    main.c                                   0x00000000   Number         0  main.o ABSOLUTE
    td_sub.s                                 0x00000000   Number         0  td_sub.o ABSOLUTE
    RESET                                    0x08000000   Section      236  startup-rvds.o(RESET)
    .ARM.Collect$$$$00000000                 0x080000ec   Section        0  entry.o(.ARM.Collect$$$$00000000)
    .ARM.Collect$$$$00000001                 0x080000ec   Section        4  entry2.o(.ARM.Collect$$$$00000001)
    .ARM.Collect$$$$00000004                 0x080000f0   Section        4  entry5.o(.ARM.Collect$$$$00000004)
    .ARM.Collect$$$$00000008                 0x080000f4   Section        0  entry7b.o(.ARM.Collect$$$$00000008)
    .ARM.Collect$$$$0000000A                 0x080000f4   Section        0  entry8b.o(.ARM.Collect$$$$0000000A)
    .ARM.Collect$$$$0000000B                 0x080000f4   Section        8  entry9a.o(.ARM.Collect$$$$0000000B)
    .ARM.Collect$$$$0000000D                 0x080000fc   Section        0  entry10a.o(.ARM.Collect$$$$0000000D)
    .ARM.Collect$$$$0000000F                 0x080000fc   Section        0  entry11a.o(.ARM.Collect$$$$0000000F)
    .ARM.Collect$$$$00002712                 0x080000fc   Section        4  entry2.o(.ARM.Collect$$$$00002712)
    __lit__00000000                          0x080000fc   Data           4  entry2.o(.ARM.Collect$$$$00002712)
    .text                                    0x08000100   Section        0  main.o(.text)
    .text                                    0x08000144   Section       76  startup-rvds.o(.text)
    .text                                    0x08000190   Section       36  init.o(.text)
    i.__scatterload_copy                     0x080001b4   Section       14  handlers.o(i.__scatterload_copy)
    i.__scatterload_null                     0x080001c2   Section        2  handlers.o(i.__scatterload_null)
    i.__scatterload_zeroinit                 0x080001c4   Section       14  handlers.o(i.__scatterload_zeroinit)
    moncode                                  0x080001d4   Section       50  td_sub.o(moncode)
    Signal                                   0x08000228   Section      128  signal.o(Signal)
    Trigo                                    0x080002a8   Section      256  trigo.o(Trigo)
    .data                                    0x20000000   Section        4  main.o(.data)
    .bss                                     0x20000004   Section      256  main.o(.bss)
    STACK                                    0x20000108   Section     1024  startup-rvds.o(STACK)

    Global Symbols

    Symbol Name                              Value     Ov Type        Size  Object(Section)

    BuildAttributes$$THM_ISAv4$P$D$K$B$S$PE$A:L22UL41UL21$X:L11$S22US41US21$IEEE1$IW$USESV6$~STKCKD$USESV7$~SHL$OSPACE$EBA8$MICROLIB$REQ8$EABIv2 0x00000000   Number         0  anon$$obj.o ABSOLUTE
    __ARM_use_no_argv                        0x00000000   Number         0  main.o ABSOLUTE
    __cpp_initialize__aeabi_                  - Undefined Weak Reference
    __cxa_finalize                            - Undefined Weak Reference
    __decompress                              - Undefined Weak Reference
    _clock_init                               - Undefined Weak Reference
    _microlib_exit                            - Undefined Weak Reference
    __Vectors_Size                           0x000000ec   Number         0  startup-rvds.o ABSOLUTE
    __Vectors                                0x08000000   Data           4  startup-rvds.o(RESET)
    __Vectors_End                            0x080000ec   Data           0  startup-rvds.o(RESET)
    __main                                   0x080000ed   Thumb Code     0  entry.o(.ARM.Collect$$$$00000000)
    _main_stk                                0x080000ed   Thumb Code     0  entry2.o(.ARM.Collect$$$$00000001)
    _main_scatterload                        0x080000f1   Thumb Code     0  entry5.o(.ARM.Collect$$$$00000004)
    __main_after_scatterload                 0x080000f5   Thumb Code     0  entry5.o(.ARM.Collect$$$$00000004)
    _main_clock                              0x080000f5   Thumb Code     0  entry7b.o(.ARM.Collect$$$$00000008)
    _main_cpp_init                           0x080000f5   Thumb Code     0  entry8b.o(.ARM.Collect$$$$0000000A)
    _main_init                               0x080000f5   Thumb Code     0  entry9a.o(.ARM.Collect$$$$0000000B)
    __rt_final_cpp                           0x080000fd   Thumb Code     0  entry10a.o(.ARM.Collect$$$$0000000D)
    __rt_final_exit                          0x080000fd   Thumb Code     0  entry11a.o(.ARM.Collect$$$$0000000F)
    main                                     0x08000101   Thumb Code    52  main.o(.text)
    Reset_Handler                            0x08000145   Thumb Code    34  startup-rvds.o(.text)
    SystemInit                               0x08000167   Thumb Code     2  startup-rvds.o(.text)
    NMI_Handler                              0x08000169   Thumb Code     2  startup-rvds.o(.text)
    HardFault_Handler                        0x0800016b   Thumb Code     2  startup-rvds.o(.text)
    MemManage_Handler                        0x0800016d   Thumb Code     2  startup-rvds.o(.text)
    BusFault_Handler                         0x0800016f   Thumb Code     2  startup-rvds.o(.text)
    UsageFault_Handler                       0x08000171   Thumb Code     2  startup-rvds.o(.text)
    SVC_Handler                              0x08000173   Thumb Code     2  startup-rvds.o(.text)
    DebugMon_Handler                         0x08000175   Thumb Code     2  startup-rvds.o(.text)
    PendSV_Handler                           0x08000177   Thumb Code     2  startup-rvds.o(.text)
    SysTick_Handler                          0x08000179   Thumb Code     2  startup-rvds.o(.text)
    ADC1_2_IRQHandler                        0x0800017b   Thumb Code     0  startup-rvds.o(.text)
    CAN1_RX1_IRQHandler                      0x0800017b   Thumb Code     0  startup-rvds.o(.text)
    CAN1_SCE_IRQHandler                      0x0800017b   Thumb Code     0  startup-rvds.o(.text)
    DMA1_Channel1_IRQHandler                 0x0800017b   Thumb Code     0  startup-rvds.o(.text)
    DMA1_Channel2_IRQHandler                 0x0800017b   Thumb Code     0  startup-rvds.o(.text)
    DMA1_Channel3_IRQHandler                 0x0800017b   Thumb Code     0  startup-rvds.o(.text)
    DMA1_Channel4_IRQHandler                 0x0800017b   Thumb Code     0  startup-rvds.o(.text)
    DMA1_Channel5_IRQHandler                 0x0800017b   Thumb Code     0  startup-rvds.o(.text)
    DMA1_Channel6_IRQHandler                 0x0800017b   Thumb Code     0  startup-rvds.o(.text)
    DMA1_Channel7_IRQHandler                 0x0800017b   Thumb Code     0  startup-rvds.o(.text)
    EXTI0_IRQHandler                         0x0800017b   Thumb Code     0  startup-rvds.o(.text)
    EXTI15_10_IRQHandler                     0x0800017b   Thumb Code     0  startup-rvds.o(.text)
    EXTI1_IRQHandler                         0x0800017b   Thumb Code     0  startup-rvds.o(.text)
    EXTI2_IRQHandler                         0x0800017b   Thumb Code     0  startup-rvds.o(.text)
    EXTI3_IRQHandler                         0x0800017b   Thumb Code     0  startup-rvds.o(.text)
    EXTI4_IRQHandler                         0x0800017b   Thumb Code     0  startup-rvds.o(.text)
    EXTI9_5_IRQHandler                       0x0800017b   Thumb Code     0  startup-rvds.o(.text)
    FLASH_IRQHandler                         0x0800017b   Thumb Code     0  startup-rvds.o(.text)
    I2C1_ER_IRQHandler                       0x0800017b   Thumb Code     0  startup-rvds.o(.text)
    I2C1_EV_IRQHandler                       0x0800017b   Thumb Code     0  startup-rvds.o(.text)
    I2C2_ER_IRQHandler                       0x0800017b   Thumb Code     0  startup-rvds.o(.text)
    I2C2_EV_IRQHandler                       0x0800017b   Thumb Code     0  startup-rvds.o(.text)
    PVD_IRQHandler                           0x0800017b   Thumb Code     0  startup-rvds.o(.text)
    RCC_IRQHandler                           0x0800017b   Thumb Code     0  startup-rvds.o(.text)
    RTCAlarm_IRQHandler                      0x0800017b   Thumb Code     0  startup-rvds.o(.text)
    RTC_IRQHandler                           0x0800017b   Thumb Code     0  startup-rvds.o(.text)
    SPI1_IRQHandler                          0x0800017b   Thumb Code     0  startup-rvds.o(.text)
    SPI2_IRQHandler                          0x0800017b   Thumb Code     0  startup-rvds.o(.text)
    TAMPER_IRQHandler                        0x0800017b   Thumb Code     0  startup-rvds.o(.text)
    TIM1_BRK_IRQHandler                      0x0800017b   Thumb Code     0  startup-rvds.o(.text)
    TIM1_CC_IRQHandler                       0x0800017b   Thumb Code     0  startup-rvds.o(.text)
    TIM1_TRG_COM_IRQHandler                  0x0800017b   Thumb Code     0  startup-rvds.o(.text)
    TIM1_UP_IRQHandler                       0x0800017b   Thumb Code     0  startup-rvds.o(.text)
    TIM2_IRQHandler                          0x0800017b   Thumb Code     0  startup-rvds.o(.text)
    TIM3_IRQHandler                          0x0800017b   Thumb Code     0  startup-rvds.o(.text)
    TIM4_IRQHandler                          0x0800017b   Thumb Code     0  startup-rvds.o(.text)
    USART1_IRQHandler                        0x0800017b   Thumb Code     0  startup-rvds.o(.text)
    USART2_IRQHandler                        0x0800017b   Thumb Code     0  startup-rvds.o(.text)
    USART3_IRQHandler                        0x0800017b   Thumb Code     0  startup-rvds.o(.text)
    USBWakeUp_IRQHandler                     0x0800017b   Thumb Code     0  startup-rvds.o(.text)
    USB_HP_CAN1_TX_IRQHandler                0x0800017b   Thumb Code     0  startup-rvds.o(.text)
    USB_LP_CAN1_RX0_IRQHandler               0x0800017b   Thumb Code     0  startup-rvds.o(.text)
    WWDG_IRQHandler                          0x0800017b   Thumb Code     0  startup-rvds.o(.text)
    __scatterload                            0x08000191   Thumb Code    28  init.o(.text)
    __scatterload_rt2                        0x08000191   Thumb Code     0  init.o(.text)
    __scatterload_copy                       0x080001b5   Thumb Code    14  handlers.o(i.__scatterload_copy)
    __scatterload_null                       0x080001c3   Thumb Code     2  handlers.o(i.__scatterload_null)
    __scatterload_zeroinit                   0x080001c5   Thumb Code    14  handlers.o(i.__scatterload_zeroinit)
    calculReelk                              0x080001d5   Thumb Code    50  td_sub.o(moncode)
    Region$$Table$$Base                      0x08000208   Number         0  anon$$obj.o(Region$$Table)
    Region$$Table$$Limit                     0x08000228   Number         0  anon$$obj.o(Region$$Table)
    TabSig                                   0x08000228   Data           0  signal.o(Signal)
    TabCos                                   0x080002a8   Data           0  trigo.o(Trigo)
    TabSin                                   0x08000328   Data           0  trigo.o(Trigo)
    k                                        0x20000000   Data           4  main.o(.data)
    tab                                      0x20000004   Data         256  main.o(.bss)
    __initial_sp                             0x20000508   Data           0  startup-rvds.o(STACK)



==============================================================================

Memory Map of the image

  Image Entry point : 0x08000145

  Load Region LR_1 (Base: 0x08000000, Size: 0x000003ac, Max: 0xffffffff, ABSOLUTE)

    Execution Region ER_RO (Exec base: 0x08000000, Load base: 0x08000000, Size: 0x000003a8, Max: 0xffffffff, ABSOLUTE)

    Exec Addr    Load Addr    Size         Type   Attr      Idx    E Section Name        Object

    0x08000000   0x08000000   0x000000ec   Data   RO           27    RESET               startup-rvds.o
    0x080000ec   0x080000ec   0x00000000   Code   RO           32  * .ARM.Collect$$$$00000000  mc_w.l(entry.o)
    0x080000ec   0x080000ec   0x00000004   Code   RO           35    .ARM.Collect$$$$00000001  mc_w.l(entry2.o)
    0x080000f0   0x080000f0   0x00000004   Code   RO           38    .ARM.Collect$$$$00000004  mc_w.l(entry5.o)
    0x080000f4   0x080000f4   0x00000000   Code   RO           40    .ARM.Collect$$$$00000008  mc_w.l(entry7b.o)
    0x080000f4   0x080000f4   0x00000000   Code   RO           42    .ARM.Collect$$$$0000000A  mc_w.l(entry8b.o)
    0x080000f4   0x080000f4   0x00000008   Code   RO           43    .ARM.Collect$$$$0000000B  mc_w.l(entry9a.o)
    0x080000fc   0x080000fc   0x00000000   Code   RO           45    .ARM.Collect$$$$0000000D  mc_w.l(entry10a.o)
    0x080000fc   0x080000fc   0x00000000   Code   RO           47    .ARM.Collect$$$$0000000F  mc_w.l(entry11a.o)
    0x080000fc   0x080000fc   0x00000004   Code   RO           36    .ARM.Collect$$$$00002712  mc_w.l(entry2.o)
    0x08000100   0x08000100   0x00000044   Code   RO            1    .text               main.o
    0x08000144   0x08000144   0x0000004c   Code   RO           28  * .text               startup-rvds.o
    0x08000190   0x08000190   0x00000024   Code   RO           49    .text               mc_w.l(init.o)
    0x080001b4   0x080001b4   0x0000000e   Code   RO           53    i.__scatterload_copy  mc_w.l(handlers.o)
    0x080001c2   0x080001c2   0x00000002   Code   RO           54    i.__scatterload_null  mc_w.l(handlers.o)
    0x080001c4   0x080001c4   0x0000000e   Code   RO           55    i.__scatterload_zeroinit  mc_w.l(handlers.o)
    0x080001d2   0x080001d2   0x00000002   PAD
    0x080001d4   0x080001d4   0x00000032   Code   RO           18    moncode             td_sub.o
    0x08000206   0x08000206   0x00000002   PAD
    0x08000208   0x08000208   0x00000020   Data   RO           51    Region$$Table       anon$$obj.o
    0x08000228   0x08000228   0x00000080   Data   RO           24    Signal              signal.o
    0x080002a8   0x080002a8   0x00000100   Data   RO           23    Trigo               trigo.o


    Execution Region ER_RW (Exec base: 0x20000000, Load base: 0x080003a8, Size: 0x00000004, Max: 0xffffffff, ABSOLUTE)

    Exec Addr    Load Addr    Size         Type   Attr      Idx    E Section Name        Object

    0x20000000   0x080003a8   0x00000004   Data   RW            3    .data               main.o


    Execution Region ER_ZI (Exec base: 0x20000004, Load base: 0x080003ac, Size: 0x00000504, Max: 0xffffffff, ABSOLUTE)

    Exec Addr    Load Addr    Size         Type   Attr      Idx    E Section Name        Object

    0x20000004        -       0x00000100   Zero   RW            2    .bss                main.o
    0x20000104   0x080003ac   0x00000004   PAD
    0x20000108        -       0x00000400   Zero   RW           25    STACK               startup-rvds.o


==============================================================================

Image component sizes


      Code (inc. data)   RO Data    RW Data    ZI Data      Debug   Object Name

        68         16          0          4        256       2418   main.o
         0          0        128          0          0          0   signal.o
        76         20        236          0       1024        812   startup-rvds.o
        50          0          0          0          0        380   td_sub.o
         0          0        256          0          0          0   trigo.o

    ----------------------------------------------------------------------
       196         36        652          4       1284       3610   Object Totals
         0          0         32          0          0          0   (incl. Generated)
         2          0          0          0          4          0   (incl. Padding)

    ----------------------------------------------------------------------

      Code (inc. data)   RO Data    RW Data    ZI Data      Debug   Library Member Name

         0          0          0          0          0          0   entry.o
         0          0          0          0          0          0   entry10a.o
         0          0          0          0          0          0   entry11a.o
         8          4          0          0          0          0   entry2.o
         4          0          0          0          0          0   entry5.o
         0          0          0          0          0          0   entry7b.o
         0          0          0          0          0          0   entry8b.o
         8          4          0          0          0          0   entry9a.o
        30          0          0          0          0          0   handlers.o
        36          8          0          0          0         68   init.o

    ----------------------------------------------------------------------
        88         16          0          0          0         68   Library Totals
         2          0          0          0          0          0   (incl. Padding)

    ----------------------------------------------------------------------

      Code (inc. data)   RO Data    RW Data    ZI Data      Debug   Library Name

        86         16          0          0          0         68   mc_w.l

    ----------------------------------------------------------------------
        88         16          0          0          0         68   Library Totals

    ----------------------------------------------------------------------

==============================================================================


      Code (inc. data)   RO Data    RW Data    ZI Data      Debug   

       284         52        652          4       1284       3778   Grand Totals
       284         52        652          4       1284       3778   ELF Image Totals
       284         52        652          4          0          0   ROM Totals

==============================================================================

    Total RO  Size (Code + RO Data)                  936 (   0.91kB)
    Total RW  Size (RW Data + ZI Data)              1288 (   1.26kB)
    Total ROM Size (Code + RO Data + RW Data)        940 (   0.92kB)

==============================================================================

