


ARM Macro Assembler    Page 1 


    1 00000000         ; ce programme est pour l'assembleur RealView (Keil)
    2 00000000                 thumb
    3 00000000                 area             moncode, code, readonly
    4 00000000                 export           calculReelk ;
    5 00000000         
    6 00000000         calculReelk
                               proc
    7 00000000         
    8 00000000         ; r0 = tabSig    r1 : k   r2 : tabCos ou TaSig
    9 00000000 B500            push             {lr}
   10 00000002 B4F0            push             {r4-r7}
   11 00000004 F04F 0C00       mov              r12, #0x00  ; i=0
   12 00000008 E7FF            b                loop
   13 0000000A         
   14 0000000A         loop
   15 0000000A         ;calcul ik
   16 0000000A FB01 F70C       mul              r7,r1,r12
   17 0000000E F007 073F       AND              r7, #0x03F  ;modulo 64
   18 00000012         
   19 00000012 F932 4017       ldrsh            r4,[r2,r7, lsl #0x01] 
                                                            ;cos(ik) ou sin(ik)
                                                            
   20 00000016 F930 501C       ldrsh            r5,[r0,r12, lsl #0x01] ;x(i)
   21 0000001A         
   22 0000001A FB04 F405       mul              r4,r4,r5    ;cos(ik)x(i) ou sin
                                                            (ik)x(i)
   23 0000001E         
   24 0000001E 4426            add              r6,r4
   25 00000020         
   26 00000020 F10C 0C01       add              r12,#0x01
   27 00000024         
   28 00000024 F1BC 0F40       cmp              r12,#64
   29 00000028 D1EF            bne              loop
   30 0000002A         
   31 0000002A         ; on quitte la boucle
   32 0000002A         
   33 0000002A 4630            mov              r0,r6
   34 0000002C E7FF            b                fin
   35 0000002E         fin
   36 0000002E BCF0            pop              {r4-r7}
   37 00000030 BD00            pop              {pc}
   38 00000032         
   39 00000032                 endp
   40 00000032                 end
Command Line: --debug --xref --diag_suppress=9931 --cpu=Cortex-M3 --apcs=interw
ork --depend=.\td_sub.d -o.\td_sub.o -I.\RTE\_Target_1 -ID:\Pierre-rog\AppData\
Local\Arm\Packs\ARM\CMSIS\5.6.0\CMSIS\Core\Include -ID:\Pierre-rog\AppData\Loca
l\Arm\Packs\Keil\STM32F1xx_DFP\2.3.0\Device\Include --predefine="__EVAL SETA 1"
 --predefine="__MICROLIB SETA 1" --predefine="__UVISION_VERSION SETA 529" --pre
define="_RTE_ SETA 1" --predefine="STM32F10X_MD SETA 1" --list=.\td_sub.lst td_
sub.s



ARM Macro Assembler    Page 1 Alphabetic symbol ordering
Relocatable symbols

calculReelk 00000000

Symbol: calculReelk
   Definitions
      At line 6 in file td_sub.s
   Uses
      At line 4 in file td_sub.s
Comment: calculReelk used once
fin 0000002E

Symbol: fin
   Definitions
      At line 35 in file td_sub.s
   Uses
      At line 34 in file td_sub.s
Comment: fin used once
loop 0000000A

Symbol: loop
   Definitions
      At line 14 in file td_sub.s
   Uses
      At line 12 in file td_sub.s
      At line 29 in file td_sub.s

moncode 00000000

Symbol: moncode
   Definitions
      At line 3 in file td_sub.s
   Uses
      None
Comment: moncode unused
4 symbols
339 symbols in table
